Error in line:12 named number items: value2 and value3 have the same value(2)
