Error: Tag clash for type defined in line 3.The type has two children with the same tag. The children that clashes are located in lines: 3 and 3. Use AUTOMATIC TAGS!
