line 6:51 mismatched input 'MAX' expecting EXT_MARK
