Error, line:7 .Types 'OddIntegers' and 'SIZE' are not compatible
