line 10:17 mismatched input 'AbstractType' expecting R_PAREN
