Warning line:13,col: 22. Value: blue(1) does not belong to parent type
Error in line 13. The contraints applied in this type do not allow any values.
