Error2 in Line:11, col:24 . This type of constraint 'VALUE_RANGE_EXPR' cannot appear under ENUMERATED
