Error: Tag clash for type defined in line 4.The type contains has two children (or grandchilden a choice child) with the same tag. The child that clashes are located in lines: 5 and 6
