Error: Tag clash for type defined in line 5.The type contains has two children (or grandchilden a choice child) with the same tag. The child that clashes are located in lines: 11 and 16
