Warning: value 'b1'defined in line 16 does not conform to its type constraints
