Error Line:12. Presence constraint 'ABSENT' specified for component 'a' which is not optional
