Error Line:12. Presence constraint 'OPTIONAL' specified for component 'a' which is not optional
