Error Line:12. Presence constraint 'OPTIONAL' specified for component 'c' which is not optional
