Warning: value 'b1'defined in line 16 does not conform to its type constraints
Warning: value 'b2'defined in line 18 does not conform to its type constraints
