Error line:11 there can be only one PRESENT constraint
