Error: referenced type with name 'MyInt' is not define. Line: 10
