Error: import type 'MyInt4' which appears in the import list of module 'MY-MODULE' is not exported in module:'MY-MODULE3'
