Error: referenced type with name 'MyInt2' is not define. Line: 5
