Warning: value 'matrix'defined in line 8 does not conform to its type constraints
