Error: Tag clash for type defined in line 4.The type has two children with the same tag. The children that clashes are located in lines: 5 and 6. Use AUTOMATIC TAGS!
