Error: Tag clash for type defined in line 5.The type has two children with the same tag. The children that clashes are located in lines: 11 and 16. Use AUTOMATIC TAGS
