Warning: value 'mm2'defined in line 39 does not conform to its type constraints
