Warning: value 'mysqofchoice'defined in line 87 does not conform to its type constraints
