Error in line:9 Enumerated items: green and blue have the same value(1)
