line 4:53 mismatched character 'l' expecting '''
