Error in line:8 Enumerated items: red and blue have the same value(5)
