Error: Module with name 'ModuleDuplicate' defined twice
