Error in line: 10, col:49. Unknown identifier: bb
