Error: line 5 Default value does not satisfy type constraints
