Warning line:7,col: 0. Value: 8 does not belong to parent type
