Warning line:7,col: 21. Value: 8 does not belong to parent type
