Warning: value 'myArray'defined in line 6 does not conform to its type constraints
