Error: line 11 Default value does not satisfy type constraints
