Error: line 8 Default value does not satisfy type constraints
