Warning line:11,col: 0. Value: 0 does not belong to parent type
