Warning line:5,col: 0. Value: 0 does not belong to parent type
