Error Line:6 OPTIONAL can not appear in a REAL types
