Error: Tag clash for type defined in line 3.The type contains has two children (or grandchilden a choice child) with the same tag. The child that clashes are located in lines: 3 and 3
