Error1 in Line:3, col:30 . This type of constraint 'PATTERN' cannot appear under IA5String
