Warning: value 'aGreekCitizenWithTwoChildren3'defined in line 19 does not conform to its type constraints
