Error Line:10. Presence constraint 'PRESENT' specified for component 'married' which is not optional
