Warning: value 'myInvBitStr'defined in line 20 does not conform to its type constraints
