Error, line:13 .Types 'Int' and 'INTEGER' are not compatible
