line 11:24 mismatched input ',' expecting R_PAREN
