Error in Line:9, col:18 . This type of constraint 'SIZE'cannot appear under INTEGER
