Error, line:13 .Types 'NumericString' and 'IA5String' are not compatible
